****************************************************************
*  2025/1/18 11:40:28
****************************************************************
****************************************************************
*  transform: D:/MySoft/社群二维码/uni_modules/uni-im/pages/chat/info.vue
****************************************************************
cementing 属性无效： D:/MySoft/社群二维码/uni_modules/uni-im/pages/chat/info.vue
静态化之后的代码: <template>
<view class="chat-info">
  <uni-list :border="false" class="list">
    <uni-im-info-card
      :avatarUrl="friend_info.avatar_file?.url || '/uni_modules/uni-im/static/avatarUrl.png'"
      :title="friend_info.nickname"
      :note="friend_info.nickname != friend_info.email ? friend_info.email : ''"
    />
    <uni-list-item
      title="消息免打扰"
      :switch-checked="conversation.mute"
      :show-switch="true"
      @switchChange="changeConversationMute"
    />









    <!-- 选择某个用户创建群聊（仅dcloud员工可用） -->
    <uni-list-item
      v-if="uniIDHasRole('staff') && friend_uid != currentUid"
      :link="true"
      title="选此用户创建群聊"
      @click="createGroup"
    />
    <template v-for="item in UserinfoMenu" :key="item.component.name">
      
    </template>
  </uni-list>
  <button
    v-if="isFriend"
    class="btn"
    plain
    type="warn"
    @click="deteleFriend"
  >
    删除好友
  </button>








</view>
</template>

<script>


const db = uniCloud.database();
import uniIm from '@/uni_modules/uni-im/sdk/index.js';
import { ref,markRaw } from "vue"
export default {components:{

},
  data() {
    // 调用扩展点，扩展程序可以在消息输入框新增一个工具类的项
    let UserinfoMenu = uniIm.extensions
      .invokeExts("userinfo-menu-extra",)
      .filter((result) => result && result.component)
      .map((result) => {
        return {
          component: markRaw(result.component),
          props: result.props
        };
      });
      
    return {
      UserinfoMenu,
      conversation: {},
      friend_uid: '',
      friend_info: {
        username: '',
        nickname: '',
        avatar_file: {
          url: ''
        }
      }
    }
  },
  computed: {
    ...uniIm.mapState(['isWidescreen']),
    isFriend() {
      return this.friend_uid ? uniIm.friend.find(this.friend_uid) : false
    },
    currentUid() {
      return uniIm.currentUser._id
    }
  },
  async onLoad(options) {
    this.load(options)
  },
  methods: {
$isCementing(is, name) {
  if (is.name) is = is.name
  return name == is?.replace?.(/-(.?)/g, (match, c) => c.toUpperCase()).replace('-', '')
},

    async load(options) {
      console.log('options',options);
      const {user_id,id} = options
      this.conversation = await uniIm.conversation.get(id ? id : {user_id})
      this.friend_uid = this.conversation.friend_uid
      let field = '_id,nickname,avatar_file'
      if (this.uniIDHasRole('staff')) {
        field += ',email'
      }
      let res = await db.collection('uni-id-users')
        .doc(this.friend_uid)
        .field(field)
        .get()
        // console.log("res: ",res);
      this.friend_info = res.result.data[0]
    },

    changeConversationMute() {
      console.log('changeConversationMute',this.conversation)
      this.conversation.changeMute()
    },
    async deteleFriend() {
      uni.showModal({
        title: '确认要删除好友吗',
        content: '此操作不可撤销',
        showCancel: true,
        cancelText: '取消',
        confirmText: '确认',
        complete: async (e) => {
          if (e.confirm) {
            uni.showLoading({
              mask: true
            });
            try {
              await db.collection('uni-im-friend').where({
                friend_uid: this.friend_uid,
                user_id: this.currentUid
              }).remove()
              if (!uniIm.isWidescreen) {
                // 收到push消息后store会自动，将此用户从列表中移除
                uni.navigateBack({ delta: 2 })
              }
            } catch (e) {
              uni.showModal({
                content: JSON.stringify(e.message),
                showCancel: false
              });
            }
            uni.hideLoading()
          }
        }
      });
    },
    async createGroup(){
      console.log('createGroup')
      const user_ids = [this.friend_uid]
      const uniImCo = uniCloud.importObject("uni-im-co")
      let res = await uniImCo.chooseUserIntoGroup({
        user_ids
      })
      uni.$emit('uni-im-toChat','group_'+res.data.group_id)
    },














  }
}
</script>

<style lang="scss">
@import "@/uni_modules/uni-im/common/baseStyle.scss";
.chat-info {
  width: 750rpx;
  height: 100vh;
  align-items: center;
  background-color: #fff;
  
  .list {
    width: 750rpx;
    border-bottom: 1px solid #ececec;
  }













  .btn {
    margin-top: 15px;
    width: 600rpx;
    /* height: 45px; */
    text-align: center;
    line-height: 45px;
    border-radius: 20rpx;
  }
}
</style>
****************************************************************
*  transform: D:/MySoft/社群二维码/uni_modules/uni-im/components/uni-im-conversation/uni-im-conversation.vue
****************************************************************
cementing 属性无效： D:/MySoft/社群二维码/uni_modules/uni-im/components/uni-im-conversation/uni-im-conversation.vue
静态化之后的代码: <template>
  <uni-im-info-card
    :id="conversation.id"
    @click="handleClick"
    :title="conversation.title"
    :note="conversation.note"
    :red-note="redNote"
    :tags="conversation.tags"
    :avatarUrl="avatarUrl"
    :time="friendlyTime"
    :badge="conversation.unread_count"
    :mute="conversation.mute"
    :pinned="conversation.pinned"
    :is_star="conversation.is_star"
    link
  >
    <template #left>
      <slot name="left"></slot>
    </template>
    <template #avatar-overlay-list>
      <template v-for="overlay in avatarOverlayList" :key="overlay.component.name">
        
      </template>
    </template>
  </uni-im-info-card>
</template>

<script>


  import uniIm from '@/uni_modules/uni-im/sdk/index.js';
  import {
    markRaw
  } from "vue";
  export default {components:{

},
    name: 'UniImConversation',
    props: {
      conversation: {
        type: Object,
        default: () => {}
      }
    },
    emits: ['click'],
    computed: {
      redNote() {
        if (this.conversation.hasDraft){
          return '[草稿]'
        }else if (this.conversation.call_list.length){
          return '[@我]'
        }
        return ''
      },
      friendlyTime() {
        // 使得时间会随着心跳动态更新
        let timestamp = this.conversation.time + uniIm.heartbeat * 0
        let friendlyTime = uniIm.utils.toFriendlyTime(timestamp)
        // console.log('friendlyTime',friendlyTime);
        let friendlyTimeArr = friendlyTime.split(' ')
        let friendlyTimeArrL = friendlyTimeArr.length
        // 如果含 年/月（不在3天内，且不是同一周），去掉时间
        if (friendlyTimeArrL == 3 && friendlyTime.includes('/')) {
          friendlyTime = friendlyTimeArr[0]
        }
        return friendlyTime
      }
    },
    data() {
      // 调用扩展点，扩展程序可以为该会话增加覆盖的图标元素。
      let avatarOverlayList = uniIm.extensions
        .invokeExts("conversation-avatar-overlay", this.conversation)
        .filter((result) => result && result.component)
        .map((result) => {
          return {
            component: markRaw(result.component),
            props: result.props || {},
            handlers: result.handlers || {},
          };
        });
      return {
        avatarUrl: "/uni_modules/uni-im/static/avatarUrl.png",
        avatarOverlayList
      };
    },
    watch: {
      'conversation.avatar_file': {
        async handler(avatar_file) {
          if (typeof avatar_file == 'object' && avatar_file.url) {
            this.avatarUrl = await uniIm.utils.getTempFileURL(avatar_file.url);
          }
        },
        immediate: true,
      },
    },
    methods: {
$isCementing(is, name) {
  if (is.name) is = is.name
  return name == is?.replace?.(/-(.?)/g, (match, c) => c.toUpperCase()).replace('-', '')
},

      handleClick() {
        this.$emit('click', this.conversation)
      }
    }
  };
</script>


****************************************************************
*  transform: D:/MySoft/社群二维码/uni_modules/uni-im/components/uni-im-msg/uni-im-msg.vue
****************************************************************
<component> 组件缺少 cementing 属性，无法静态化： D:/MySoft/社群二维码/uni_modules/uni-im/components/uni-im-msg/uni-im-msg.vue
静态化之后的代码: <template>
  <view v-if="!msg.is_delete" class="uni-im-msg" :class="{self}">
    <msg-system v-if="msg.type === 'system'" class="system-msg-box" :msg="msg" />
    <template v-else>
      <view v-if="!noTime" class="friendlyTime" :class="{'hide':equalPrevTime}">
        <uni-im-friendly-time :time="msg.create_time || msg.client_create_time"></uni-im-friendly-time>
      </view>
      <view class="msg-box">
        <view v-if="msg.is_revoke" class="revoke-text-box">
          <text class="revoke-text">
            已被撤回
          </text>
          <text v-if="msg.before_revoke_body && ['text','rich-text'].includes(msg.type) " class="re-edit" @click="putChatInputContent">
            重新编辑
          </text>
        </view>
        <view v-else-if="msg.revoke_ing" class="revoke-text-box">
          <text class="revoke-text">
            消息撤回中...
          </text>
        </view>
        <template v-else>
          <uni-im-img class="avatar" ref="avatar" width="40px" height="40px" border-radius="5px"
            :src="avatarUrl" mode="widthFix"
            :class="{'pointer':canPrivateChat}"
            @click.stop="toChat" @longpress.stop="longpressMsgAvatar" />
          <view class="msg-main">
            <view v-if="!self" class="nickname-box">
              <text :selectable="true" class="nickname" :class="{noPreview:!preview}" @click="longpressMsgAvatar">{{nickname}}</text>
              <text :selectable="true" class="real_name" v-if="real_name" @click="showRealName">{{real_name}}</text>
              <text class="badge" v-if="isFromAdmin">管理员</text>
              <template v-for="(item,index) in extMsgBadge" :key="index">
                
              </template>
            </view>
            
            <view v-if="msg.about_msg_id && !preview" class="cite-box">
              <template v-if="aboutMsg.body">
                <text v-if="aboutMsg.is_revoke" class="cite-box-text">
                  回复的消息已被撤回
                </text>
                <text v-else class="cite-box-text" :class="{'pointer':!noJump}" @click="showAboutMsg">
                  {{ getNickname(aboutMsg.from_uid) }}：{{aboutMsgNote}}
                </text>
              </template>
              <text v-else class="cite-box-text">
                [加载中]
              </text>
            </view>
            <view class="msg-content-box" @longpress.prevent="showControl">
              <uni-icons v-if="self && msg.state != 100 && msgStateIcon" :color="msg.state===0?'#999':'#d22'"
                :type="msgStateIcon" class="msgStateIcon" @click="retriesSendMsg" />
              <MsgByType_msgUserCard v-if="$isCementing('msg-'+msg.type,'msgUserCard')" :class="'msg-'+msg.type" class="msg-content" ref="msg-content" :msg="msg"
                @viewMsg="$emit('viewMsg',$event)"
                
              ></MsgByType_msgUserCard>
<MsgByType_msgVideo v-if="$isCementing('msg-'+msg.type,'msgVideo')" :class="'msg-'+msg.type" class="msg-content" ref="msg-content" :msg="msg"
                @viewMsg="$emit('viewMsg',$event)"
                
              ></MsgByType_msgVideo>
<MsgByType_msgFile v-if="$isCementing('msg-'+msg.type,'msgFile')" :class="'msg-'+msg.type" class="msg-content" ref="msg-content" :msg="msg"
                @viewMsg="$emit('viewMsg',$event)"
                
              ></MsgByType_msgFile>
<MsgByType_msgHistory v-if="$isCementing('msg-'+msg.type,'msgHistory')" :class="'msg-'+msg.type" class="msg-content" ref="msg-content" :msg="msg"
                @viewMsg="$emit('viewMsg',$event)"
                
              ></MsgByType_msgHistory>
<MsgByType_msgRichText v-if="$isCementing('msg-'+msg.type,'msgRichText')" :class="'msg-'+msg.type" class="msg-content" ref="msg-content" :msg="msg"
                @viewMsg="$emit('viewMsg',$event)"
                
              ></MsgByType_msgRichText>
<MsgByType_msgCode v-if="$isCementing('msg-'+msg.type,'msgCode')" :class="'msg-'+msg.type" class="msg-content" ref="msg-content" :msg="msg"
                @viewMsg="$emit('viewMsg',$event)"
                
              ></MsgByType_msgCode>
<MsgByType_msgText v-if="$isCementing('msg-'+msg.type,'msgText')" :class="'msg-'+msg.type" class="msg-content" ref="msg-content" :msg="msg"
                @viewMsg="$emit('viewMsg',$event)"
                
              ></MsgByType_msgText>
<MsgByType_msgSound v-if="$isCementing('msg-'+msg.type,'msgSound')" :class="'msg-'+msg.type" class="msg-content" ref="msg-content" :msg="msg"
                @viewMsg="$emit('viewMsg',$event)"
                
              ></MsgByType_msgSound>
<MsgByType_msgImage v-if="$isCementing('msg-'+msg.type,'msgImage')" :class="'msg-'+msg.type" class="msg-content" ref="msg-content" :msg="msg"
                @viewMsg="$emit('viewMsg',$event)"
                
              ></MsgByType_msgImage>
            </view>
          </view>
        </template>
      </view>
      <slot />
    </template>

    <template
      v-for="extra in extraComponents"
      :key="extra.component.name"
    >
      <MsgExtra_UniImMsgReader
        v-if="$isCementing(extra.component,'UniImMsgReader')"
        v-bind="extra.props"
        ref="extras"
        
      />
    </template>
  </view>
</template>

<script>
import MsgByType_msgUserCard from '@/uni_modules/uni-im/components/uni-im-msg/types/userinfo-card.vue';
import MsgByType_msgVideo from '@/uni_modules/uni-im/components/uni-im-msg/types/video.vue';
import MsgByType_msgFile from '@/uni_modules/uni-im/components/uni-im-msg/types/file.vue';
import MsgByType_msgHistory from '@/uni_modules/uni-im/components/uni-im-msg/types/history.vue';
import MsgByType_msgRichText from '@/uni_modules/uni-im/components/uni-im-msg/types/rich-text.vue';
import MsgByType_msgCode from '@/uni_modules/uni-im/components/uni-im-msg/types/code.vue';
import MsgByType_msgText from '@/uni_modules/uni-im/components/uni-im-msg/types/text.vue';
import MsgByType_msgSound from '@/uni_modules/uni-im/components/uni-im-msg/types/sound.vue';
import MsgByType_msgImage from '@/uni_modules/uni-im/components/uni-im-msg/types/image.vue';
import MsgExtra_UniImMsgReader from '@/uni_modules/uni-im-msg-reader/components/uni-im-msg-reader/uni-im-msg-reader.vue';

  import uniIm from '@/uni_modules/uni-im/sdk/index.js';
  // 导入各类型的消息组件
  import msgSystem from './types/system.vue'
  import msgUserinfoCard from './types/userinfo-card.vue'
  import msgVideo from './types/video.vue'
  import msgFile from './types/file.vue'
  import msgHistory from './types/history.vue'
  import msgRichText from './types/rich-text.vue'
  import msgCode from './types/code.vue'
  import msgText from './types/text.vue'
  import msgSound from './types/sound.vue'
  import msgImage from './types/image.vue'
  import msgOrder from './types/order.vue'
  import msgPayNotify from './types/pay-notify.vue'
  import msgEncryption from './types/encryption.vue'

  import { markRaw,computed } from 'vue'

/**
 * uni-im-msg 组件，渲染一条消息。
 * 
 * 支持多种消息类型：
 * 
 * - text
 * - rich-text
 * - code
 * - file
 * - image
 * - sound
 * - video
 * - userinfo-card
 * - history
 * 
 * @module
 */
  export default {
    components: {
MsgByType_msgUserCard,
MsgByType_msgVideo,
MsgByType_msgFile,
MsgByType_msgHistory,
MsgByType_msgRichText,
MsgByType_msgCode,
MsgByType_msgText,
MsgByType_msgSound,
MsgByType_msgImage,
MsgExtra_UniImMsgReader,

      msgSystem,
      msgUserinfoCard,
      msgVideo,
      msgFile,
      msgHistory,
      msgRichText,
      msgCode,
      msgText,
      msgSound,
      msgImage,
      msgOrder,
      msgPayNotify,
      msgEncryption
    },
    props: {
      msg: {
        type: Object,
        default () {
          return {
            body: ""
          }
        }
      },
      self: {
        type: Boolean,
        default () {
          return false
        }
      },
      index: {
        type: Number
      },
      equalPrevTime: {
        type: Boolean,
        default () {
          return false
        }
      },
      noTime: { // 不显示时间
        type: Boolean,
        default: false
      },
      noJump: { // 引用的消息不可点击跳转
        type: Boolean,
        default: false
      },
      preview: { // 是否预览模式
        type: Boolean,
        default: false,
      }
    },
    emits: ['viewMsg', 'showControl', 'showMsgById','longpressMsgAvatar','putChatInputContent','intoTopic','retriesSendMsg'],
    data() {
      // 调用扩展点，正在渲染一条消息，扩展程序可以返回扩展组件，为该消息增加一些显示元素。
      const extraComponents = this.preview ? {} : uniIm.extensions.invokeExts('msg-extra', this.msg)
        .filter(result => result && result.component)
        .map(result => {
          return {
            component: markRaw(result.component),
            props: result.props || {},
            handlers: result.handlers || {},
          }
        })
      return {
        videoUrl: '',
        soundPlayState: 0,
        aboutMsg: {},
        extraComponents,
      };
    },
    computed: {
      extMsgBadge(){
        return uniIm.extensions.invokeExts('msg-badge', this)
          .filter(result => result && result.component)
          .map(result => {
            return {
              component: markRaw(result.component),
              props: result.props || {},
              handlers: result.handlers || {},
            }
          })
      },
      currentConversation() {
        if(this.preview) return false
        return uniIm.conversation.find(this.msg.conversation_id)
      },
      currentUid() {
        return uniIm.currentUser._id
      },
      users() {
        const users = uniIm.users[this.msg.from_uid]
        return users?.__loading ? null : users
      },
      msgStateIcon() {
        return {
          "0": 'spinner-cycle',
          "-100": 'refresh-filled',
          "-200": 'info-filled',
        }[this.msg.state]
      },
      aboutMsgNote() {
        if(this.aboutMsg.from_uid){
          return uniIm.utils.getMsgNote(this.aboutMsg)
        }else{
          return '加载中...'
        }
      },
      isFromAdmin() {
        if(this.preview) return false
        const conversation = uniIm.conversation.find(this.msg.conversation_id)
        return conversation?.group_id && conversation.group.member.find(this.msg.from_uid)?.role?.includes('admin')
      },
      nickname() {
        return this.users?.nickname || this.msg.nickname || uniIm.users.getNickname(this.msg.from_uid)
      },
      real_name() {
        return uniIm.users[this.msg.from_uid]?.realname_auth?.real_name
      },
      avatarUrl() {
        return (this.self ? uniIm.currentUser.avatar_file?.url : this.users?.avatar_file?.url || this.msg?.avatar_file?.url) || '/uni_modules/uni-im/static/avatarUrl.png'
      },
      soundBoxWidth() {
        return uni.upx2px(750 / 60 * this.msg.body.time) + 50 + 'px'
      },
      canPrivateChat(){
        if(this.preview) return false
        const conversation = uniIm.conversation.find(this.msg.conversation_id)
        const currentMember = conversation.group?.member?.find(this.currentUid)
        // 当前登录的账号是管理员，或者是群管理员，或者当前消息是群管理员发的
        return this.uniIDHasRole('staff') || 
               currentMember?.role?.includes('admin') || 
               this.isFromAdmin
      }
    },
    async mounted() {
      this.initAboutMsg()






















    },
    methods: {
$isCementing(is, name) {
  if (is.name) is = is.name
  return name == is?.replace?.(/-(.?)/g, (match, c) => c.toUpperCase()).replace('-', '')
},

      getNickname(uid) {
        return uniIm.users.getNickname(uid)
      },
      showAboutMsg() {
        this.$emit('showMsgById', this.aboutMsg._id)
      },
      onAppear() {
        // console.log('msg ----msgAppear msg.body',this.msg.body)
        let index = this.currentConversation.call_list.findIndex(i => i == this.msg._id)
        if (index != -1) {
          console.log('已读，移除call_list对应数据')
          this.currentConversation.call_list.splice(index, 1)
        }
      },
      onDisappear() {},
      async showControl(e) {
        let msgContentDomInfo;
        const query = uni.createSelectorQuery().in(this);
        await new Promise(callback => {
          query.selectAll('.msg-content-box .msg-content').boundingClientRect(data => {
            msgContentDomInfo = data[0]
            // console.log('msgContentDomInfo data--------', data);
            callback(msgContentDomInfo)
          }).exec();
        })

        this.$emit('showControl', {
          msgId: this.msg._id,
          msgContentDomInfo,






        })
      },
      retriesSendMsg() {
        // if (this.msg.state == -200) {
        //   return uni.showToast({
        //     title: '内容不合法',
        //     icon: 'error'
        //   });
        // }
        this.$emit('retriesSendMsg', this.msg)
      },
      toChat() {
        if (this.canPrivateChat) {
          uniIm.toChat({
            user_id: this.msg.from_uid,
            source: {
              group_id: this.msg.group_id
            }
          })
        }
      },
      longpressMsgAvatar() {
        if (this.msg.group_id) {
          // console.log('~~~~this.msg.from_uid', this.msg.from_uid)
          this.$emit('longpressMsgAvatar', this.msg.from_uid)
        }
      },
      async initAboutMsg() {
        if (this.preview) return
        // 处理引用消息
        const {
          about_msg_id
        } = this.msg
        if (about_msg_id) {
          let aboutMsg = this.currentConversation.msg.find(about_msg_id) || false
          // 本地不存在联网查找
          if (!aboutMsg) {
            const db = uniCloud.database();
            let {
              conversation_id,
              "about_msg_id": _id
            } = this.msg;
            let res = await db.collection('uni-im-msg')
              .where({
                conversation_id,
                _id
              })
              .limit(1)
              .get()
            aboutMsg = res.result.data[0]
            if (aboutMsg) {
              aboutMsg.isCloudMsg = true
            } else {
              console.error('疑似脏数据，云端也没有查到');
              delete this.msg.about_msg_id
              return
            }
          }
          this.aboutMsg = aboutMsg
        }
      },
      async putChatInputContent() {
        const msgBody = JSON.parse(JSON.stringify(this.msg.before_revoke_body))
        if(msgBody.url){
          msgBody.url = await uniIm.utils.getTempFileURL(msgBody.url)
        }else if(Array.isArray(msgBody)){
          for (let i = 0; i < msgBody.length; i++) {
            if (msgBody[i].name === 'img') {
              msgBody[i].attrs.src = await uniIm.utils.getTempFileURL(msgBody[i].attrs.src)
            }
          }
        }
        this.$emit('putChatInputContent', msgBody)
      },
      showRealName() {
        if(!uniIm.isWidescreen){
          uni.showModal({
            title: '企业名称',
            content: this.real_name,
            showCancel: true,
            confirmText: '复制',
            cancelText: '关闭',
            success: (res) => {
              if (res.confirm) {
                uni.setClipboardData({
                  data: this.real_name,
                  success: () => {
                    uni.showToast({
                      title: '复制成功',
                      icon: 'none'
                    })
                  }
                })
              }
            }
          });
        }
      },
    }
  }
</script>
<style lang="scss">
.uni-im-msg {
  position: relative;
  width: 100%;
  .msg-box {
    position: relative;
    flex-direction: row;
    justify-content: flex-start;
    margin: 8px;





    .msg-main {
      margin: 0 8px;
      margin-right: 40px;
      align-items: flex-start;
      width: 0;
      flex-grow: 1;
      .msg-content-box {
        width: 100%;
        flex-direction: row;
        align-items: center;
        justify-content: flex-start;
      }
      
      /* 回复引用某条消息提示框 */
      .cite-box {
        margin:8px 0;
        background-color: #e3e3e3;
        color: #6a6a6a;
        border-radius: 5px;
        max-width: 100%;
        justify-content: center;
        padding: 5px 10px;
        .cite-box-text {
          white-space: nowrap;
          overflow: hidden;
          text-overflow: ellipsis;
          font-size: 14px;
        }
      }
    }
  }
  
  &.self {
    .msg-box {
      flex-direction: row-reverse;
    }
    .msg-main {
      align-items: flex-end;
      margin-right: 8px;
      margin-left: 40px;
      .msg-content-box {
        justify-content: flex-end;
      }
    }
  }
  
  .nickname-box {
    flex-direction: row;
    align-items: center;
    width: 100%;
    .nickname {
      font-size: 14px;
      color: #666666;
      padding-left: 2px;
    }
    .real_name {
      font-size: 12px;
      color: #999;
      padding:0 4px;
      background-color: #FFF;
      border-radius: 2px;
      box-shadow: 0 0 2px #ddd;
      margin-left: 3px;
      position: relative;
      bottom: 2px;
      // 溢出隐藏，且显示省略号
      white-space: nowrap;
      overflow: hidden;
      text-overflow: ellipsis;
      &::before {
        content: "\eab8";
        color: #fd7e08;
        font-size: 10px;
        margin-right: 2px;
        font-family: uni-im-icons;
      }
    }
    .badge {
      position: relative;
      bottom: 2px;
      font-size: 12px;
      color: #FFFFFF;
      background-color: #1ab94d;
      padding: 1px 3px;
      border-radius: 2px;
      // 缩小字体
      transform: scale(0.8);
      &.grey {
        background-color: #bbb;
      }
    }
  }
  














  
  .rich-text {
    background-color: transparent;
    width: 500rpx;
  }
  
  .link {
    // font-size: 16px;
    color: #007fff;



  }
  
  .msgStateIcon {
    margin-right: 5px;
  }
  
  .revoke-text-box {
    flex-direction: row;
    flex: 1;
    justify-content: center;
  }
  
  .revoke-text-box .revoke-text {
    color: #999;
    font-size: 12px;
  }
  
  .revoke-text-box .re-edit {
    color: #0b65ff;
    font-size: 12px;
    margin-left: 10px;



  }
  
  .friendlyTime {
    height: 22px;
  }
  












}
</style>
